Content-Type: text/plain; charset=utf-8

This is a test of a plain text part.

Another line.
