Content-Type: text/plain; charset=utf-8
Subject: =?utf-8?b?wqFIb2xhLCBzZcOxb3Ih?=
X-Data: =?utf-8?b?AxfhfujropadladnggnfjgwsaiubvnmkadiuhterqHJSFfuAjkfhrqpeorLA?=
 =?utf-8?b?kFnjNfhgt7Fjd9dfkliodQ==?=

This is a test of a plain text part.

Another line.
