Content-Transfer-Encoding: quoted-printable
Content-Type: text/plain; charset=utf-8

=C2=A1Hola, se=C3=B1or! Welcome to MIME