Content-Disposition: attachment; filename=stuff.zip; modification-date="01
 Feb 03 04:05 UTC"
Content-Id: <mycontentid>
Content-Transfer-Encoding: base64
Content-Type: application/zip; boundary=enmime-abcdefg0123456789;
 charset=binary; name=stuff.zip; param1=myparameter1; param2=myparameter2

WklQWklQWklQ
