Content-Disposition: attachment;
 filename="\\u00e1rv\\u00edzt\\u0171r\\u0151
 t\\u00fck\\u00f6rf\\u00far\\u00f3g\\u00e9p.zip"
Content-Id: <mycontentid>
Content-Transfer-Encoding: base64
Content-Type: application/zip; boundary=enmime-abcdefg0123456789;
 charset=binary; name="\\u00e1rv\\u00edzt\\u0171r\\u0151
 t\\u00fck\\u00f6rf\\u00far\\u00f3g\\u00e9p.zip"

WklQWklQWklQ

